// Jest Snapshot v1, https://goo.gl/fbAQLP

exports[`Homepage should render 1`] = `
<DocumentFragment>
  <div
    class="sc-kEqYlL hLEeKb"
  >
    <div
      class="sc-iqAbSa eRCQGD"
    >
      <form
        class="sc-crzoUp iwpLUK"
      >
        <div
          class="sc-ksluoS gJGMs"
        >
          <div
            class="MuiFormControl-root MuiTextField-root WithStyles(ForwardRef(TextField))-root-1"
          >
            <label
              class="MuiFormLabel-root MuiInputLabel-root MuiInputLabel-formControl MuiInputLabel-animated MuiInputLabel-outlined"
              data-shrink="false"
            >
              search
            </label>
            <div
              class="MuiInputBase-root MuiOutlinedInput-root MuiInputBase-formControl"
            >
              <input
                aria-invalid="false"
                class="MuiInputBase-input MuiOutlinedInput-input"
                data-testid="search-input"
                maxlength="150"
                name="search"
                type="text"
                value=""
              />
              <fieldset
                aria-hidden="true"
                class="PrivateNotchedOutline-root-2 MuiOutlinedInput-notchedOutline"
              >
                <legend
                  class="PrivateNotchedOutline-legendLabelled-4"
                >
                  <span>
                    search
                  </span>
                </legend>
              </fieldset>
            </div>
          </div>
          <button
            class="MuiButtonBase-root MuiButton-root WithStyles(ForwardRef(Button))-root-6 MuiButton-text"
            data-testid="submit-button"
            tabindex="0"
            type="submit"
          >
            <span
              class="MuiButton-label"
            >
              <div>
                <svg
                  class="sc-jrsJCI liKYaN"
                  fill="none"
                  height="1em"
                  stroke="currentColor"
                  stroke-linecap="round"
                  stroke-linejoin="round"
                  stroke-width="2"
                  viewBox="0 0 24 24"
                  width="1em"
                  xmlns="http://www.w3.org/2000/svg"
                >
                  <circle
                    cx="11"
                    cy="11"
                    r="8"
                  />
                  <line
                    x1="21"
                    x2="16.65"
                    y1="21"
                    y2="16.65"
                  />
                </svg>
              </div>
            </span>
          </button>
        </div>
        <div
          class="sc-ksluoS gJGMs"
        >
          <div
            class="checkbox"
          >
            <span
              aria-disabled="false"
              class="MuiButtonBase-root MuiIconButton-root PrivateSwitchBase-root-9 MuiCheckbox-root WithStyles(ForwardRef(Checkbox))-root-7 MuiCheckbox-colorSecondary MuiIconButton-colorSecondary"
            >
              <span
                class="MuiIconButton-label"
              >
                <input
                  class="PrivateSwitchBase-input-12"
                  data-indeterminate="false"
                  placeholder="show-favorites"
                  type="checkbox"
                  value=""
                />
                <svg
                  aria-hidden="true"
                  class="MuiSvgIcon-root"
                  focusable="false"
                  viewBox="0 0 24 24"
                >
                  <path
                    d="M19 5v14H5V5h14m0-2H5c-1.1 0-2 .9-2 2v14c0 1.1.9 2 2 2h14c1.1 0 2-.9 2-2V5c0-1.1-.9-2-2-2z"
                  />
                </svg>
              </span>
            </span>
            <span
              class="checkbox-span"
            >
              show-favorites
            </span>
          </div>
        </div>
      </form>
      <main
        class="sc-dIsAE etOBmJ"
      >
        <div
          class="sc-bqGHjH bpVZQk"
        >
          <div
            class="results"
          >
            <p>
              results-1 
              <strong
                data-testid="number-of-results"
              >
                20
              </strong>
               results-2
            </p>
          </div>
        </div>
        <hr />
        <div
          class="sc-dlnjPT krXZAZ"
        >
          <article
            class="sc-hKFyIo fvwkMB"
          >
            <div
              class="left"
            >
              <img
                alt="Ricky Landers"
                src="https://comicvine1.cbsistatic.com/uploads/square_avatar/11113/111133571/4032871-ricky%20landers.jpg"
              />
              <div
                class="info"
              >
                <p>
                  <strong>
                    Ricky Landers
                  </strong>
                </p>
                <p
                  class="publisher"
                >
                  Marvel
                </p>
              </div>
            </div>
            <div
              class="right"
            >
              <span
                class="link-button"
                data-testid="favorite-button-0"
              >
                <svg
                  class="sc-bdnylx bJkyUc"
                  data-testid="heart-svg-0-false"
                  fill="none"
                  fillcolor="white"
                  height="1em"
                  stroke="currentColor"
                  stroke-linecap="round"
                  stroke-linejoin="round"
                  stroke-width="2"
                  strokecolor="var(--color-primary)"
                  viewBox="0 0 24 24"
                  width="1em"
                  xmlns="http://www.w3.org/2000/svg"
                >
                  <path
                    d="M20.84 4.61a5.5 5.5 0 0 0-7.78 0L12 5.67l-1.06-1.06a5.5 5.5 0 0 0-7.78 7.78l1.06 1.06L12 21.23l7.78-7.78 1.06-1.06a5.5 5.5 0 0 0 0-7.78z"
                  />
                </svg>
              </span>
              <svg
                class="sc-gtssRu boPMHs"
                fill="currentColor"
                height="1em"
                stroke="currentColor"
                stroke-width="0"
                viewBox="0 0 16 16"
                width="1em"
                xmlns="http://www.w3.org/2000/svg"
              >
                <path
                  clip-rule="evenodd"
                  d="M1.5 13A1.5 1.5 0 003 14.5h8a1.5 1.5 0 001.5-1.5V9a.5.5 0 00-1 0v4a.5.5 0 01-.5.5H3a.5.5 0 01-.5-.5V5a.5.5 0 01.5-.5h4a.5.5 0 000-1H3A1.5 1.5 0 001.5 5v8zm7-11a.5.5 0 01.5-.5h5a.5.5 0 01.5.5v5a.5.5 0 01-1 0V2.5H9a.5.5 0 01-.5-.5z"
                  fill-rule="evenodd"
                />
                <path
                  clip-rule="evenodd"
                  d="M14.354 1.646a.5.5 0 010 .708l-8 8a.5.5 0 01-.708-.708l8-8a.5.5 0 01.708 0z"
                  fill-rule="evenodd"
                />
              </svg>
            </div>
          </article>
          <article
            class="sc-hKFyIo fvwkMB"
          >
            <div
              class="left"
            >
              <img
                alt="Nico Robin"
                src="https://comicvine1.cbsistatic.com/uploads/square_avatar/4/47703/2434105-render_nicorobin.png"
              />
              <div
                class="info"
              >
                <p>
                  <strong>
                    Nico Robin
                  </strong>
                </p>
                <p
                  class="publisher"
                >
                  Shueisha
                </p>
              </div>
            </div>
            <div
              class="right"
            >
              <span
                class="link-button"
                data-testid="favorite-button-1"
              >
                <svg
                  class="sc-bdnylx bJkyUc"
                  data-testid="heart-svg-1-false"
                  fill="none"
                  fillcolor="white"
                  height="1em"
                  stroke="currentColor"
                  stroke-linecap="round"
                  stroke-linejoin="round"
                  stroke-width="2"
                  strokecolor="var(--color-primary)"
                  viewBox="0 0 24 24"
                  width="1em"
                  xmlns="http://www.w3.org/2000/svg"
                >
                  <path
                    d="M20.84 4.61a5.5 5.5 0 0 0-7.78 0L12 5.67l-1.06-1.06a5.5 5.5 0 0 0-7.78 7.78l1.06 1.06L12 21.23l7.78-7.78 1.06-1.06a5.5 5.5 0 0 0 0-7.78z"
                  />
                </svg>
              </span>
              <svg
                class="sc-gtssRu boPMHs"
                fill="currentColor"
                height="1em"
                stroke="currentColor"
                stroke-width="0"
                viewBox="0 0 16 16"
                width="1em"
                xmlns="http://www.w3.org/2000/svg"
              >
                <path
                  clip-rule="evenodd"
                  d="M1.5 13A1.5 1.5 0 003 14.5h8a1.5 1.5 0 001.5-1.5V9a.5.5 0 00-1 0v4a.5.5 0 01-.5.5H3a.5.5 0 01-.5-.5V5a.5.5 0 01.5-.5h4a.5.5 0 000-1H3A1.5 1.5 0 001.5 5v8zm7-11a.5.5 0 01.5-.5h5a.5.5 0 01.5.5v5a.5.5 0 01-1 0V2.5H9a.5.5 0 01-.5-.5z"
                  fill-rule="evenodd"
                />
                <path
                  clip-rule="evenodd"
                  d="M14.354 1.646a.5.5 0 010 .708l-8 8a.5.5 0 01-.708-.708l8-8a.5.5 0 01.708 0z"
                  fill-rule="evenodd"
                />
              </svg>
            </div>
          </article>
          <article
            class="sc-hKFyIo fvwkMB"
          >
            <div
              class="left"
            >
              <img
                alt="Bart Saxton"
                src="https://comicvine1.cbsistatic.com/uploads/square_avatar/12/127023/3542770-aquatt-01-16.jpg"
              />
              <div
                class="info"
              >
                <p>
                  <strong>
                    Bart Saxton
                  </strong>
                </p>
                <p
                  class="publisher"
                >
                  DC Comics
                </p>
              </div>
            </div>
            <div
              class="right"
            >
              <span
                class="link-button"
                data-testid="favorite-button-2"
              >
                <svg
                  class="sc-bdnylx bJkyUc"
                  data-testid="heart-svg-2-false"
                  fill="none"
                  fillcolor="white"
                  height="1em"
                  stroke="currentColor"
                  stroke-linecap="round"
                  stroke-linejoin="round"
                  stroke-width="2"
                  strokecolor="var(--color-primary)"
                  viewBox="0 0 24 24"
                  width="1em"
                  xmlns="http://www.w3.org/2000/svg"
                >
                  <path
                    d="M20.84 4.61a5.5 5.5 0 0 0-7.78 0L12 5.67l-1.06-1.06a5.5 5.5 0 0 0-7.78 7.78l1.06 1.06L12 21.23l7.78-7.78 1.06-1.06a5.5 5.5 0 0 0 0-7.78z"
                  />
                </svg>
              </span>
              <svg
                class="sc-gtssRu boPMHs"
                fill="currentColor"
                height="1em"
                stroke="currentColor"
                stroke-width="0"
                viewBox="0 0 16 16"
                width="1em"
                xmlns="http://www.w3.org/2000/svg"
              >
                <path
                  clip-rule="evenodd"
                  d="M1.5 13A1.5 1.5 0 003 14.5h8a1.5 1.5 0 001.5-1.5V9a.5.5 0 00-1 0v4a.5.5 0 01-.5.5H3a.5.5 0 01-.5-.5V5a.5.5 0 01.5-.5h4a.5.5 0 000-1H3A1.5 1.5 0 001.5 5v8zm7-11a.5.5 0 01.5-.5h5a.5.5 0 01.5.5v5a.5.5 0 01-1 0V2.5H9a.5.5 0 01-.5-.5z"
                  fill-rule="evenodd"
                />
                <path
                  clip-rule="evenodd"
                  d="M14.354 1.646a.5.5 0 010 .708l-8 8a.5.5 0 01-.708-.708l8-8a.5.5 0 01.708 0z"
                  fill-rule="evenodd"
                />
              </svg>
            </div>
          </article>
          <article
            class="sc-hKFyIo fvwkMB"
          >
            <div
              class="left"
            >
              <img
                alt="Ulquiorra Cifer"
                src="https://comicvine1.cbsistatic.com/uploads/square_avatar/2/28028/865804-unlivingx.jpg"
              />
              <div
                class="info"
              >
                <p>
                  <strong>
                    Ulquiorra Cifer
                  </strong>
                </p>
                <p
                  class="publisher"
                >
                  Shueisha
                </p>
              </div>
            </div>
            <div
              class="right"
            >
              <span
                class="link-button"
                data-testid="favorite-button-3"
              >
                <svg
                  class="sc-bdnylx bJkyUc"
                  data-testid="heart-svg-3-false"
                  fill="none"
                  fillcolor="white"
                  height="1em"
                  stroke="currentColor"
                  stroke-linecap="round"
                  stroke-linejoin="round"
                  stroke-width="2"
                  strokecolor="var(--color-primary)"
                  viewBox="0 0 24 24"
                  width="1em"
                  xmlns="http://www.w3.org/2000/svg"
                >
                  <path
                    d="M20.84 4.61a5.5 5.5 0 0 0-7.78 0L12 5.67l-1.06-1.06a5.5 5.5 0 0 0-7.78 7.78l1.06 1.06L12 21.23l7.78-7.78 1.06-1.06a5.5 5.5 0 0 0 0-7.78z"
                  />
                </svg>
              </span>
              <svg
                class="sc-gtssRu boPMHs"
                fill="currentColor"
                height="1em"
                stroke="currentColor"
                stroke-width="0"
                viewBox="0 0 16 16"
                width="1em"
                xmlns="http://www.w3.org/2000/svg"
              >
                <path
                  clip-rule="evenodd"
                  d="M1.5 13A1.5 1.5 0 003 14.5h8a1.5 1.5 0 001.5-1.5V9a.5.5 0 00-1 0v4a.5.5 0 01-.5.5H3a.5.5 0 01-.5-.5V5a.5.5 0 01.5-.5h4a.5.5 0 000-1H3A1.5 1.5 0 001.5 5v8zm7-11a.5.5 0 01.5-.5h5a.5.5 0 01.5.5v5a.5.5 0 01-1 0V2.5H9a.5.5 0 01-.5-.5z"
                  fill-rule="evenodd"
                />
                <path
                  clip-rule="evenodd"
                  d="M14.354 1.646a.5.5 0 010 .708l-8 8a.5.5 0 01-.708-.708l8-8a.5.5 0 01.708 0z"
                  fill-rule="evenodd"
                />
              </svg>
            </div>
          </article>
          <article
            class="sc-hKFyIo fvwkMB"
          >
            <div
              class="left"
            >
              <img
                alt="Rush"
                src="https://comicvine1.cbsistatic.com/uploads/square_avatar/11/111746/7130075-mm11rush.png"
              />
              <div
                class="info"
              >
                <p>
                  <strong>
                    Rush
                  </strong>
                </p>
                <p
                  class="publisher"
                >
                  Capcom
                </p>
              </div>
            </div>
            <div
              class="right"
            >
              <span
                class="link-button"
                data-testid="favorite-button-4"
              >
                <svg
                  class="sc-bdnylx bJkyUc"
                  data-testid="heart-svg-4-false"
                  fill="none"
                  fillcolor="white"
                  height="1em"
                  stroke="currentColor"
                  stroke-linecap="round"
                  stroke-linejoin="round"
                  stroke-width="2"
                  strokecolor="var(--color-primary)"
                  viewBox="0 0 24 24"
                  width="1em"
                  xmlns="http://www.w3.org/2000/svg"
                >
                  <path
                    d="M20.84 4.61a5.5 5.5 0 0 0-7.78 0L12 5.67l-1.06-1.06a5.5 5.5 0 0 0-7.78 7.78l1.06 1.06L12 21.23l7.78-7.78 1.06-1.06a5.5 5.5 0 0 0 0-7.78z"
                  />
                </svg>
              </span>
              <svg
                class="sc-gtssRu boPMHs"
                fill="currentColor"
                height="1em"
                stroke="currentColor"
                stroke-width="0"
                viewBox="0 0 16 16"
                width="1em"
                xmlns="http://www.w3.org/2000/svg"
              >
                <path
                  clip-rule="evenodd"
                  d="M1.5 13A1.5 1.5 0 003 14.5h8a1.5 1.5 0 001.5-1.5V9a.5.5 0 00-1 0v4a.5.5 0 01-.5.5H3a.5.5 0 01-.5-.5V5a.5.5 0 01.5-.5h4a.5.5 0 000-1H3A1.5 1.5 0 001.5 5v8zm7-11a.5.5 0 01.5-.5h5a.5.5 0 01.5.5v5a.5.5 0 01-1 0V2.5H9a.5.5 0 01-.5-.5z"
                  fill-rule="evenodd"
                />
                <path
                  clip-rule="evenodd"
                  d="M14.354 1.646a.5.5 0 010 .708l-8 8a.5.5 0 01-.708-.708l8-8a.5.5 0 01.708 0z"
                  fill-rule="evenodd"
                />
              </svg>
            </div>
          </article>
          <article
            class="sc-hKFyIo fvwkMB"
          >
            <div
              class="left"
            >
              <img
                alt="Horku"
                src="https://comicvine1.cbsistatic.com/uploads/square_avatar/1/13181/339900-179592-horku.jpg"
              />
              <div
                class="info"
              >
                <p>
                  <strong>
                    Horku
                  </strong>
                </p>
                <p
                  class="publisher"
                >
                  DC Comics
                </p>
              </div>
            </div>
            <div
              class="right"
            >
              <span
                class="link-button"
                data-testid="favorite-button-5"
              >
                <svg
                  class="sc-bdnylx bJkyUc"
                  data-testid="heart-svg-5-false"
                  fill="none"
                  fillcolor="white"
                  height="1em"
                  stroke="currentColor"
                  stroke-linecap="round"
                  stroke-linejoin="round"
                  stroke-width="2"
                  strokecolor="var(--color-primary)"
                  viewBox="0 0 24 24"
                  width="1em"
                  xmlns="http://www.w3.org/2000/svg"
                >
                  <path
                    d="M20.84 4.61a5.5 5.5 0 0 0-7.78 0L12 5.67l-1.06-1.06a5.5 5.5 0 0 0-7.78 7.78l1.06 1.06L12 21.23l7.78-7.78 1.06-1.06a5.5 5.5 0 0 0 0-7.78z"
                  />
                </svg>
              </span>
              <svg
                class="sc-gtssRu boPMHs"
                fill="currentColor"
                height="1em"
                stroke="currentColor"
                stroke-width="0"
                viewBox="0 0 16 16"
                width="1em"
                xmlns="http://www.w3.org/2000/svg"
              >
                <path
                  clip-rule="evenodd"
                  d="M1.5 13A1.5 1.5 0 003 14.5h8a1.5 1.5 0 001.5-1.5V9a.5.5 0 00-1 0v4a.5.5 0 01-.5.5H3a.5.5 0 01-.5-.5V5a.5.5 0 01.5-.5h4a.5.5 0 000-1H3A1.5 1.5 0 001.5 5v8zm7-11a.5.5 0 01.5-.5h5a.5.5 0 01.5.5v5a.5.5 0 01-1 0V2.5H9a.5.5 0 01-.5-.5z"
                  fill-rule="evenodd"
                />
                <path
                  clip-rule="evenodd"
                  d="M14.354 1.646a.5.5 0 010 .708l-8 8a.5.5 0 01-.708-.708l8-8a.5.5 0 01.708 0z"
                  fill-rule="evenodd"
                />
              </svg>
            </div>
          </article>
          <article
            class="sc-hKFyIo fvwkMB"
          >
            <div
              class="left"
            >
              <img
                alt="Treble"
                src="https://comicvine1.cbsistatic.com/uploads/square_avatar/1/13558/288268-37162-treble.jpg"
              />
              <div
                class="info"
              >
                <p>
                  <strong>
                    Treble
                  </strong>
                </p>
                <p
                  class="publisher"
                >
                  Capcom
                </p>
              </div>
            </div>
            <div
              class="right"
            >
              <span
                class="link-button"
                data-testid="favorite-button-6"
              >
                <svg
                  class="sc-bdnylx bJkyUc"
                  data-testid="heart-svg-6-false"
                  fill="none"
                  fillcolor="white"
                  height="1em"
                  stroke="currentColor"
                  stroke-linecap="round"
                  stroke-linejoin="round"
                  stroke-width="2"
                  strokecolor="var(--color-primary)"
                  viewBox="0 0 24 24"
                  width="1em"
                  xmlns="http://www.w3.org/2000/svg"
                >
                  <path
                    d="M20.84 4.61a5.5 5.5 0 0 0-7.78 0L12 5.67l-1.06-1.06a5.5 5.5 0 0 0-7.78 7.78l1.06 1.06L12 21.23l7.78-7.78 1.06-1.06a5.5 5.5 0 0 0 0-7.78z"
                  />
                </svg>
              </span>
              <svg
                class="sc-gtssRu boPMHs"
                fill="currentColor"
                height="1em"
                stroke="currentColor"
                stroke-width="0"
                viewBox="0 0 16 16"
                width="1em"
                xmlns="http://www.w3.org/2000/svg"
              >
                <path
                  clip-rule="evenodd"
                  d="M1.5 13A1.5 1.5 0 003 14.5h8a1.5 1.5 0 001.5-1.5V9a.5.5 0 00-1 0v4a.5.5 0 01-.5.5H3a.5.5 0 01-.5-.5V5a.5.5 0 01.5-.5h4a.5.5 0 000-1H3A1.5 1.5 0 001.5 5v8zm7-11a.5.5 0 01.5-.5h5a.5.5 0 01.5.5v5a.5.5 0 01-1 0V2.5H9a.5.5 0 01-.5-.5z"
                  fill-rule="evenodd"
                />
                <path
                  clip-rule="evenodd"
                  d="M14.354 1.646a.5.5 0 010 .708l-8 8a.5.5 0 01-.708-.708l8-8a.5.5 0 01.708 0z"
                  fill-rule="evenodd"
                />
              </svg>
            </div>
          </article>
          <article
            class="sc-hKFyIo fvwkMB"
          >
            <div
              class="left"
            >
              <img
                alt="Darwin"
                src="https://comicvine1.cbsistatic.com/uploads/square_avatar/0/3848/338715-194270-darwin.jpg"
              />
              <div
                class="info"
              >
                <p>
                  <strong>
                    Darwin
                  </strong>
                </p>
                <p
                  class="publisher"
                >
                  Harvey
                </p>
              </div>
            </div>
            <div
              class="right"
            >
              <span
                class="link-button"
                data-testid="favorite-button-7"
              >
                <svg
                  class="sc-bdnylx bJkyUc"
                  data-testid="heart-svg-7-false"
                  fill="none"
                  fillcolor="white"
                  height="1em"
                  stroke="currentColor"
                  stroke-linecap="round"
                  stroke-linejoin="round"
                  stroke-width="2"
                  strokecolor="var(--color-primary)"
                  viewBox="0 0 24 24"
                  width="1em"
                  xmlns="http://www.w3.org/2000/svg"
                >
                  <path
                    d="M20.84 4.61a5.5 5.5 0 0 0-7.78 0L12 5.67l-1.06-1.06a5.5 5.5 0 0 0-7.78 7.78l1.06 1.06L12 21.23l7.78-7.78 1.06-1.06a5.5 5.5 0 0 0 0-7.78z"
                  />
                </svg>
              </span>
              <svg
                class="sc-gtssRu boPMHs"
                fill="currentColor"
                height="1em"
                stroke="currentColor"
                stroke-width="0"
                viewBox="0 0 16 16"
                width="1em"
                xmlns="http://www.w3.org/2000/svg"
              >
                <path
                  clip-rule="evenodd"
                  d="M1.5 13A1.5 1.5 0 003 14.5h8a1.5 1.5 0 001.5-1.5V9a.5.5 0 00-1 0v4a.5.5 0 01-.5.5H3a.5.5 0 01-.5-.5V5a.5.5 0 01.5-.5h4a.5.5 0 000-1H3A1.5 1.5 0 001.5 5v8zm7-11a.5.5 0 01.5-.5h5a.5.5 0 01.5.5v5a.5.5 0 01-1 0V2.5H9a.5.5 0 01-.5-.5z"
                  fill-rule="evenodd"
                />
                <path
                  clip-rule="evenodd"
                  d="M14.354 1.646a.5.5 0 010 .708l-8 8a.5.5 0 01-.708-.708l8-8a.5.5 0 01.708 0z"
                  fill-rule="evenodd"
                />
              </svg>
            </div>
          </article>
          <article
            class="sc-hKFyIo fvwkMB"
          >
            <div
              class="left"
            >
              <img
                alt="Mangle"
                src="https://comicvine1.cbsistatic.com/uploads/square_avatar/0/3664/288232-39964-mangle.jpg"
              />
              <div
                class="info"
              >
                <p>
                  <strong>
                    Mangle
                  </strong>
                </p>
                <p
                  class="publisher"
                >
                  Malibu
                </p>
              </div>
            </div>
            <div
              class="right"
            >
              <span
                class="link-button"
                data-testid="favorite-button-8"
              >
                <svg
                  class="sc-bdnylx bJkyUc"
                  data-testid="heart-svg-8-false"
                  fill="none"
                  fillcolor="white"
                  height="1em"
                  stroke="currentColor"
                  stroke-linecap="round"
                  stroke-linejoin="round"
                  stroke-width="2"
                  strokecolor="var(--color-primary)"
                  viewBox="0 0 24 24"
                  width="1em"
                  xmlns="http://www.w3.org/2000/svg"
                >
                  <path
                    d="M20.84 4.61a5.5 5.5 0 0 0-7.78 0L12 5.67l-1.06-1.06a5.5 5.5 0 0 0-7.78 7.78l1.06 1.06L12 21.23l7.78-7.78 1.06-1.06a5.5 5.5 0 0 0 0-7.78z"
                  />
                </svg>
              </span>
              <svg
                class="sc-gtssRu boPMHs"
                fill="currentColor"
                height="1em"
                stroke="currentColor"
                stroke-width="0"
                viewBox="0 0 16 16"
                width="1em"
                xmlns="http://www.w3.org/2000/svg"
              >
                <path
                  clip-rule="evenodd"
                  d="M1.5 13A1.5 1.5 0 003 14.5h8a1.5 1.5 0 001.5-1.5V9a.5.5 0 00-1 0v4a.5.5 0 01-.5.5H3a.5.5 0 01-.5-.5V5a.5.5 0 01.5-.5h4a.5.5 0 000-1H3A1.5 1.5 0 001.5 5v8zm7-11a.5.5 0 01.5-.5h5a.5.5 0 01.5.5v5a.5.5 0 01-1 0V2.5H9a.5.5 0 01-.5-.5z"
                  fill-rule="evenodd"
                />
                <path
                  clip-rule="evenodd"
                  d="M14.354 1.646a.5.5 0 010 .708l-8 8a.5.5 0 01-.708-.708l8-8a.5.5 0 01.708 0z"
                  fill-rule="evenodd"
                />
              </svg>
            </div>
          </article>
          <article
            class="sc-hKFyIo fvwkMB"
          >
            <div
              class="left"
            >
              <img
                alt="Shaggy 2 Dope"
                src="https://comicvine1.cbsistatic.com/uploads/square_avatar/1/17424/333929-74449-shaggy-2-dope.jpg"
              />
              <div
                class="info"
              >
                <p>
                  <strong>
                    Shaggy 2 Dope
                  </strong>
                </p>
                <p
                  class="publisher"
                >
                  Non-Fictional
                </p>
              </div>
            </div>
            <div
              class="right"
            >
              <span
                class="link-button"
                data-testid="favorite-button-9"
              >
                <svg
                  class="sc-bdnylx bJkyUc"
                  data-testid="heart-svg-9-false"
                  fill="none"
                  fillcolor="white"
                  height="1em"
                  stroke="currentColor"
                  stroke-linecap="round"
                  stroke-linejoin="round"
                  stroke-width="2"
                  strokecolor="var(--color-primary)"
                  viewBox="0 0 24 24"
                  width="1em"
                  xmlns="http://www.w3.org/2000/svg"
                >
                  <path
                    d="M20.84 4.61a5.5 5.5 0 0 0-7.78 0L12 5.67l-1.06-1.06a5.5 5.5 0 0 0-7.78 7.78l1.06 1.06L12 21.23l7.78-7.78 1.06-1.06a5.5 5.5 0 0 0 0-7.78z"
                  />
                </svg>
              </span>
              <svg
                class="sc-gtssRu boPMHs"
                fill="currentColor"
                height="1em"
                stroke="currentColor"
                stroke-width="0"
                viewBox="0 0 16 16"
                width="1em"
                xmlns="http://www.w3.org/2000/svg"
              >
                <path
                  clip-rule="evenodd"
                  d="M1.5 13A1.5 1.5 0 003 14.5h8a1.5 1.5 0 001.5-1.5V9a.5.5 0 00-1 0v4a.5.5 0 01-.5.5H3a.5.5 0 01-.5-.5V5a.5.5 0 01.5-.5h4a.5.5 0 000-1H3A1.5 1.5 0 001.5 5v8zm7-11a.5.5 0 01.5-.5h5a.5.5 0 01.5.5v5a.5.5 0 01-1 0V2.5H9a.5.5 0 01-.5-.5z"
                  fill-rule="evenodd"
                />
                <path
                  clip-rule="evenodd"
                  d="M14.354 1.646a.5.5 0 010 .708l-8 8a.5.5 0 01-.708-.708l8-8a.5.5 0 01.708 0z"
                  fill-rule="evenodd"
                />
              </svg>
            </div>
          </article>
          <article
            class="sc-hKFyIo fvwkMB"
          >
            <div
              class="left"
            >
              <img
                alt="Eddie Domingo"
                src="https://comicvine1.cbsistatic.com/uploads/square_avatar/11113/111133571/4033741-200px-eddie_domingo_%28earth-93060%29_0001.jpg"
              />
              <div
                class="info"
              >
                <p>
                  <strong>
                    Eddie Domingo
                  </strong>
                </p>
                <p
                  class="publisher"
                >
                  Malibu
                </p>
              </div>
            </div>
            <div
              class="right"
            >
              <span
                class="link-button"
                data-testid="favorite-button-10"
              >
                <svg
                  class="sc-bdnylx bJkyUc"
                  data-testid="heart-svg-10-false"
                  fill="none"
                  fillcolor="white"
                  height="1em"
                  stroke="currentColor"
                  stroke-linecap="round"
                  stroke-linejoin="round"
                  stroke-width="2"
                  strokecolor="var(--color-primary)"
                  viewBox="0 0 24 24"
                  width="1em"
                  xmlns="http://www.w3.org/2000/svg"
                >
                  <path
                    d="M20.84 4.61a5.5 5.5 0 0 0-7.78 0L12 5.67l-1.06-1.06a5.5 5.5 0 0 0-7.78 7.78l1.06 1.06L12 21.23l7.78-7.78 1.06-1.06a5.5 5.5 0 0 0 0-7.78z"
                  />
                </svg>
              </span>
              <svg
                class="sc-gtssRu boPMHs"
                fill="currentColor"
                height="1em"
                stroke="currentColor"
                stroke-width="0"
                viewBox="0 0 16 16"
                width="1em"
                xmlns="http://www.w3.org/2000/svg"
              >
                <path
                  clip-rule="evenodd"
                  d="M1.5 13A1.5 1.5 0 003 14.5h8a1.5 1.5 0 001.5-1.5V9a.5.5 0 00-1 0v4a.5.5 0 01-.5.5H3a.5.5 0 01-.5-.5V5a.5.5 0 01.5-.5h4a.5.5 0 000-1H3A1.5 1.5 0 001.5 5v8zm7-11a.5.5 0 01.5-.5h5a.5.5 0 01.5.5v5a.5.5 0 01-1 0V2.5H9a.5.5 0 01-.5-.5z"
                  fill-rule="evenodd"
                />
                <path
                  clip-rule="evenodd"
                  d="M14.354 1.646a.5.5 0 010 .708l-8 8a.5.5 0 01-.708-.708l8-8a.5.5 0 01.708 0z"
                  fill-rule="evenodd"
                />
              </svg>
            </div>
          </article>
          <article
            class="sc-hKFyIo fvwkMB"
          >
            <div
              class="left"
            >
              <img
                alt="Violent J"
                src="https://comicvine1.cbsistatic.com/uploads/square_avatar/1/17424/333936-195791-violent-j.jpg"
              />
              <div
                class="info"
              >
                <p>
                  <strong>
                    Violent J
                  </strong>
                </p>
                <p
                  class="publisher"
                >
                  Non-Fictional
                </p>
              </div>
            </div>
            <div
              class="right"
            >
              <span
                class="link-button"
                data-testid="favorite-button-11"
              >
                <svg
                  class="sc-bdnylx bJkyUc"
                  data-testid="heart-svg-11-false"
                  fill="none"
                  fillcolor="white"
                  height="1em"
                  stroke="currentColor"
                  stroke-linecap="round"
                  stroke-linejoin="round"
                  stroke-width="2"
                  strokecolor="var(--color-primary)"
                  viewBox="0 0 24 24"
                  width="1em"
                  xmlns="http://www.w3.org/2000/svg"
                >
                  <path
                    d="M20.84 4.61a5.5 5.5 0 0 0-7.78 0L12 5.67l-1.06-1.06a5.5 5.5 0 0 0-7.78 7.78l1.06 1.06L12 21.23l7.78-7.78 1.06-1.06a5.5 5.5 0 0 0 0-7.78z"
                  />
                </svg>
              </span>
              <svg
                class="sc-gtssRu boPMHs"
                fill="currentColor"
                height="1em"
                stroke="currentColor"
                stroke-width="0"
                viewBox="0 0 16 16"
                width="1em"
                xmlns="http://www.w3.org/2000/svg"
              >
                <path
                  clip-rule="evenodd"
                  d="M1.5 13A1.5 1.5 0 003 14.5h8a1.5 1.5 0 001.5-1.5V9a.5.5 0 00-1 0v4a.5.5 0 01-.5.5H3a.5.5 0 01-.5-.5V5a.5.5 0 01.5-.5h4a.5.5 0 000-1H3A1.5 1.5 0 001.5 5v8zm7-11a.5.5 0 01.5-.5h5a.5.5 0 01.5.5v5a.5.5 0 01-1 0V2.5H9a.5.5 0 01-.5-.5z"
                  fill-rule="evenodd"
                />
                <path
                  clip-rule="evenodd"
                  d="M14.354 1.646a.5.5 0 010 .708l-8 8a.5.5 0 01-.708-.708l8-8a.5.5 0 01.708 0z"
                  fill-rule="evenodd"
                />
              </svg>
            </div>
          </article>
          <article
            class="sc-hKFyIo fvwkMB"
          >
            <div
              class="left"
            >
              <img
                alt="Captain Jacob Rome"
                src="https://comicvine1.cbsistatic.com/uploads/square_avatar/11113/111133571/4033761-jacob_rome_%28earth-93060%29_0001.jpg"
              />
              <div
                class="info"
              >
                <p>
                  <strong>
                    Captain Jacob Rome
                  </strong>
                </p>
                <p
                  class="publisher"
                >
                  Malibu
                </p>
              </div>
            </div>
            <div
              class="right"
            >
              <span
                class="link-button"
                data-testid="favorite-button-12"
              >
                <svg
                  class="sc-bdnylx bJkyUc"
                  data-testid="heart-svg-12-false"
                  fill="none"
                  fillcolor="white"
                  height="1em"
                  stroke="currentColor"
                  stroke-linecap="round"
                  stroke-linejoin="round"
                  stroke-width="2"
                  strokecolor="var(--color-primary)"
                  viewBox="0 0 24 24"
                  width="1em"
                  xmlns="http://www.w3.org/2000/svg"
                >
                  <path
                    d="M20.84 4.61a5.5 5.5 0 0 0-7.78 0L12 5.67l-1.06-1.06a5.5 5.5 0 0 0-7.78 7.78l1.06 1.06L12 21.23l7.78-7.78 1.06-1.06a5.5 5.5 0 0 0 0-7.78z"
                  />
                </svg>
              </span>
              <svg
                class="sc-gtssRu boPMHs"
                fill="currentColor"
                height="1em"
                stroke="currentColor"
                stroke-width="0"
                viewBox="0 0 16 16"
                width="1em"
                xmlns="http://www.w3.org/2000/svg"
              >
                <path
                  clip-rule="evenodd"
                  d="M1.5 13A1.5 1.5 0 003 14.5h8a1.5 1.5 0 001.5-1.5V9a.5.5 0 00-1 0v4a.5.5 0 01-.5.5H3a.5.5 0 01-.5-.5V5a.5.5 0 01.5-.5h4a.5.5 0 000-1H3A1.5 1.5 0 001.5 5v8zm7-11a.5.5 0 01.5-.5h5a.5.5 0 01.5.5v5a.5.5 0 01-1 0V2.5H9a.5.5 0 01-.5-.5z"
                  fill-rule="evenodd"
                />
                <path
                  clip-rule="evenodd"
                  d="M14.354 1.646a.5.5 0 010 .708l-8 8a.5.5 0 01-.708-.708l8-8a.5.5 0 01.708 0z"
                  fill-rule="evenodd"
                />
              </svg>
            </div>
          </article>
          <article
            class="sc-hKFyIo fvwkMB"
          >
            <div
              class="left"
            >
              <img
                alt="Rush"
                src="https://comicvine1.cbsistatic.com/uploads/square_avatar/0/3664/293987-25542-rush.jpg"
              />
              <div
                class="info"
              >
                <p>
                  <strong>
                    Rush
                  </strong>
                </p>
                <p
                  class="publisher"
                >
                  Malibu
                </p>
              </div>
            </div>
            <div
              class="right"
            >
              <span
                class="link-button"
                data-testid="favorite-button-13"
              >
                <svg
                  class="sc-bdnylx bJkyUc"
                  data-testid="heart-svg-13-false"
                  fill="none"
                  fillcolor="white"
                  height="1em"
                  stroke="currentColor"
                  stroke-linecap="round"
                  stroke-linejoin="round"
                  stroke-width="2"
                  strokecolor="var(--color-primary)"
                  viewBox="0 0 24 24"
                  width="1em"
                  xmlns="http://www.w3.org/2000/svg"
                >
                  <path
                    d="M20.84 4.61a5.5 5.5 0 0 0-7.78 0L12 5.67l-1.06-1.06a5.5 5.5 0 0 0-7.78 7.78l1.06 1.06L12 21.23l7.78-7.78 1.06-1.06a5.5 5.5 0 0 0 0-7.78z"
                  />
                </svg>
              </span>
              <svg
                class="sc-gtssRu boPMHs"
                fill="currentColor"
                height="1em"
                stroke="currentColor"
                stroke-width="0"
                viewBox="0 0 16 16"
                width="1em"
                xmlns="http://www.w3.org/2000/svg"
              >
                <path
                  clip-rule="evenodd"
                  d="M1.5 13A1.5 1.5 0 003 14.5h8a1.5 1.5 0 001.5-1.5V9a.5.5 0 00-1 0v4a.5.5 0 01-.5.5H3a.5.5 0 01-.5-.5V5a.5.5 0 01.5-.5h4a.5.5 0 000-1H3A1.5 1.5 0 001.5 5v8zm7-11a.5.5 0 01.5-.5h5a.5.5 0 01.5.5v5a.5.5 0 01-1 0V2.5H9a.5.5 0 01-.5-.5z"
                  fill-rule="evenodd"
                />
                <path
                  clip-rule="evenodd"
                  d="M14.354 1.646a.5.5 0 010 .708l-8 8a.5.5 0 01-.708-.708l8-8a.5.5 0 01.708 0z"
                  fill-rule="evenodd"
                />
              </svg>
            </div>
          </article>
          <article
            class="sc-hKFyIo fvwkMB"
          >
            <div
              class="left"
            >
              <img
                alt="Winston Zeddemore"
                src="https://comicvine1.cbsistatic.com/uploads/square_avatar/3/38826/849453-winston.jpg"
              />
              <div
                class="info"
              >
                <p>
                  <strong>
                    Winston Zeddemore
                  </strong>
                </p>
                <p
                  class="publisher"
                >
                  IDW Publishing
                </p>
              </div>
            </div>
            <div
              class="right"
            >
              <span
                class="link-button"
                data-testid="favorite-button-14"
              >
                <svg
                  class="sc-bdnylx bJkyUc"
                  data-testid="heart-svg-14-false"
                  fill="none"
                  fillcolor="white"
                  height="1em"
                  stroke="currentColor"
                  stroke-linecap="round"
                  stroke-linejoin="round"
                  stroke-width="2"
                  strokecolor="var(--color-primary)"
                  viewBox="0 0 24 24"
                  width="1em"
                  xmlns="http://www.w3.org/2000/svg"
                >
                  <path
                    d="M20.84 4.61a5.5 5.5 0 0 0-7.78 0L12 5.67l-1.06-1.06a5.5 5.5 0 0 0-7.78 7.78l1.06 1.06L12 21.23l7.78-7.78 1.06-1.06a5.5 5.5 0 0 0 0-7.78z"
                  />
                </svg>
              </span>
              <svg
                class="sc-gtssRu boPMHs"
                fill="currentColor"
                height="1em"
                stroke="currentColor"
                stroke-width="0"
                viewBox="0 0 16 16"
                width="1em"
                xmlns="http://www.w3.org/2000/svg"
              >
                <path
                  clip-rule="evenodd"
                  d="M1.5 13A1.5 1.5 0 003 14.5h8a1.5 1.5 0 001.5-1.5V9a.5.5 0 00-1 0v4a.5.5 0 01-.5.5H3a.5.5 0 01-.5-.5V5a.5.5 0 01.5-.5h4a.5.5 0 000-1H3A1.5 1.5 0 001.5 5v8zm7-11a.5.5 0 01.5-.5h5a.5.5 0 01.5.5v5a.5.5 0 01-1 0V2.5H9a.5.5 0 01-.5-.5z"
                  fill-rule="evenodd"
                />
                <path
                  clip-rule="evenodd"
                  d="M14.354 1.646a.5.5 0 010 .708l-8 8a.5.5 0 01-.708-.708l8-8a.5.5 0 01.708 0z"
                  fill-rule="evenodd"
                />
              </svg>
            </div>
          </article>
          <article
            class="sc-hKFyIo fvwkMB"
          >
            <div
              class="left"
            >
              <img
                alt="Sandro Batorn"
                src="https://comicvine1.cbsistatic.com/uploads/square_avatar/1/13181/375906-27007-sandro-batorn.jpg"
              />
              <div
                class="info"
              >
                <p>
                  <strong>
                    Sandro Batorn
                  </strong>
                </p>
                <p
                  class="publisher"
                >
                  DC Comics
                </p>
              </div>
            </div>
            <div
              class="right"
            >
              <span
                class="link-button"
                data-testid="favorite-button-15"
              >
                <svg
                  class="sc-bdnylx bJkyUc"
                  data-testid="heart-svg-15-false"
                  fill="none"
                  fillcolor="white"
                  height="1em"
                  stroke="currentColor"
                  stroke-linecap="round"
                  stroke-linejoin="round"
                  stroke-width="2"
                  strokecolor="var(--color-primary)"
                  viewBox="0 0 24 24"
                  width="1em"
                  xmlns="http://www.w3.org/2000/svg"
                >
                  <path
                    d="M20.84 4.61a5.5 5.5 0 0 0-7.78 0L12 5.67l-1.06-1.06a5.5 5.5 0 0 0-7.78 7.78l1.06 1.06L12 21.23l7.78-7.78 1.06-1.06a5.5 5.5 0 0 0 0-7.78z"
                  />
                </svg>
              </span>
              <svg
                class="sc-gtssRu boPMHs"
                fill="currentColor"
                height="1em"
                stroke="currentColor"
                stroke-width="0"
                viewBox="0 0 16 16"
                width="1em"
                xmlns="http://www.w3.org/2000/svg"
              >
                <path
                  clip-rule="evenodd"
                  d="M1.5 13A1.5 1.5 0 003 14.5h8a1.5 1.5 0 001.5-1.5V9a.5.5 0 00-1 0v4a.5.5 0 01-.5.5H3a.5.5 0 01-.5-.5V5a.5.5 0 01.5-.5h4a.5.5 0 000-1H3A1.5 1.5 0 001.5 5v8zm7-11a.5.5 0 01.5-.5h5a.5.5 0 01.5.5v5a.5.5 0 01-1 0V2.5H9a.5.5 0 01-.5-.5z"
                  fill-rule="evenodd"
                />
                <path
                  clip-rule="evenodd"
                  d="M14.354 1.646a.5.5 0 010 .708l-8 8a.5.5 0 01-.708-.708l8-8a.5.5 0 01.708 0z"
                  fill-rule="evenodd"
                />
              </svg>
            </div>
          </article>
          <article
            class="sc-hKFyIo fvwkMB"
          >
            <div
              class="left"
            >
              <img
                alt="Klara Prast"
                src="https://comicvine1.cbsistatic.com/uploads/square_avatar/11112/111123579/5731965-klara_prast_%28earth-616%29_001.jpg"
              />
              <div
                class="info"
              >
                <p>
                  <strong>
                    Klara Prast
                  </strong>
                </p>
                <p
                  class="publisher"
                >
                  Marvel
                </p>
              </div>
            </div>
            <div
              class="right"
            >
              <span
                class="link-button"
                data-testid="favorite-button-16"
              >
                <svg
                  class="sc-bdnylx bJkyUc"
                  data-testid="heart-svg-16-false"
                  fill="none"
                  fillcolor="white"
                  height="1em"
                  stroke="currentColor"
                  stroke-linecap="round"
                  stroke-linejoin="round"
                  stroke-width="2"
                  strokecolor="var(--color-primary)"
                  viewBox="0 0 24 24"
                  width="1em"
                  xmlns="http://www.w3.org/2000/svg"
                >
                  <path
                    d="M20.84 4.61a5.5 5.5 0 0 0-7.78 0L12 5.67l-1.06-1.06a5.5 5.5 0 0 0-7.78 7.78l1.06 1.06L12 21.23l7.78-7.78 1.06-1.06a5.5 5.5 0 0 0 0-7.78z"
                  />
                </svg>
              </span>
              <svg
                class="sc-gtssRu boPMHs"
                fill="currentColor"
                height="1em"
                stroke="currentColor"
                stroke-width="0"
                viewBox="0 0 16 16"
                width="1em"
                xmlns="http://www.w3.org/2000/svg"
              >
                <path
                  clip-rule="evenodd"
                  d="M1.5 13A1.5 1.5 0 003 14.5h8a1.5 1.5 0 001.5-1.5V9a.5.5 0 00-1 0v4a.5.5 0 01-.5.5H3a.5.5 0 01-.5-.5V5a.5.5 0 01.5-.5h4a.5.5 0 000-1H3A1.5 1.5 0 001.5 5v8zm7-11a.5.5 0 01.5-.5h5a.5.5 0 01.5.5v5a.5.5 0 01-1 0V2.5H9a.5.5 0 01-.5-.5z"
                  fill-rule="evenodd"
                />
                <path
                  clip-rule="evenodd"
                  d="M14.354 1.646a.5.5 0 010 .708l-8 8a.5.5 0 01-.708-.708l8-8a.5.5 0 01.708 0z"
                  fill-rule="evenodd"
                />
              </svg>
            </div>
          </article>
          <article
            class="sc-hKFyIo fvwkMB"
          >
            <div
              class="left"
            >
              <img
                alt="Einstien"
                src="https://comicvine1.cbsistatic.com/uploads/square_avatar/0/40/288094-18909-einstien.jpg"
              />
              <div
                class="info"
              >
                <p>
                  <strong>
                    Einstien
                  </strong>
                </p>
                <p
                  class="publisher"
                >
                  Brett's Comic Pile Publishing
                </p>
              </div>
            </div>
            <div
              class="right"
            >
              <span
                class="link-button"
                data-testid="favorite-button-17"
              >
                <svg
                  class="sc-bdnylx bJkyUc"
                  data-testid="heart-svg-17-false"
                  fill="none"
                  fillcolor="white"
                  height="1em"
                  stroke="currentColor"
                  stroke-linecap="round"
                  stroke-linejoin="round"
                  stroke-width="2"
                  strokecolor="var(--color-primary)"
                  viewBox="0 0 24 24"
                  width="1em"
                  xmlns="http://www.w3.org/2000/svg"
                >
                  <path
                    d="M20.84 4.61a5.5 5.5 0 0 0-7.78 0L12 5.67l-1.06-1.06a5.5 5.5 0 0 0-7.78 7.78l1.06 1.06L12 21.23l7.78-7.78 1.06-1.06a5.5 5.5 0 0 0 0-7.78z"
                  />
                </svg>
              </span>
              <svg
                class="sc-gtssRu boPMHs"
                fill="currentColor"
                height="1em"
                stroke="currentColor"
                stroke-width="0"
                viewBox="0 0 16 16"
                width="1em"
                xmlns="http://www.w3.org/2000/svg"
              >
                <path
                  clip-rule="evenodd"
                  d="M1.5 13A1.5 1.5 0 003 14.5h8a1.5 1.5 0 001.5-1.5V9a.5.5 0 00-1 0v4a.5.5 0 01-.5.5H3a.5.5 0 01-.5-.5V5a.5.5 0 01.5-.5h4a.5.5 0 000-1H3A1.5 1.5 0 001.5 5v8zm7-11a.5.5 0 01.5-.5h5a.5.5 0 01.5.5v5a.5.5 0 01-1 0V2.5H9a.5.5 0 01-.5-.5z"
                  fill-rule="evenodd"
                />
                <path
                  clip-rule="evenodd"
                  d="M14.354 1.646a.5.5 0 010 .708l-8 8a.5.5 0 01-.708-.708l8-8a.5.5 0 01.708 0z"
                  fill-rule="evenodd"
                />
              </svg>
            </div>
          </article>
          <article
            class="sc-hKFyIo fvwkMB"
          >
            <div
              class="left"
            >
              <img
                alt="The Spieler"
                src="https://comicvine1.cbsistatic.com/uploads/square_avatar/0/7030/383256-198740-the-spieler.jpg"
              />
              <div
                class="info"
              >
                <p>
                  <strong>
                    The Spieler
                  </strong>
                </p>
                <p
                  class="publisher"
                >
                  Marvel
                </p>
              </div>
            </div>
            <div
              class="right"
            >
              <span
                class="link-button"
                data-testid="favorite-button-18"
              >
                <svg
                  class="sc-bdnylx bJkyUc"
                  data-testid="heart-svg-18-false"
                  fill="none"
                  fillcolor="white"
                  height="1em"
                  stroke="currentColor"
                  stroke-linecap="round"
                  stroke-linejoin="round"
                  stroke-width="2"
                  strokecolor="var(--color-primary)"
                  viewBox="0 0 24 24"
                  width="1em"
                  xmlns="http://www.w3.org/2000/svg"
                >
                  <path
                    d="M20.84 4.61a5.5 5.5 0 0 0-7.78 0L12 5.67l-1.06-1.06a5.5 5.5 0 0 0-7.78 7.78l1.06 1.06L12 21.23l7.78-7.78 1.06-1.06a5.5 5.5 0 0 0 0-7.78z"
                  />
                </svg>
              </span>
              <svg
                class="sc-gtssRu boPMHs"
                fill="currentColor"
                height="1em"
                stroke="currentColor"
                stroke-width="0"
                viewBox="0 0 16 16"
                width="1em"
                xmlns="http://www.w3.org/2000/svg"
              >
                <path
                  clip-rule="evenodd"
                  d="M1.5 13A1.5 1.5 0 003 14.5h8a1.5 1.5 0 001.5-1.5V9a.5.5 0 00-1 0v4a.5.5 0 01-.5.5H3a.5.5 0 01-.5-.5V5a.5.5 0 01.5-.5h4a.5.5 0 000-1H3A1.5 1.5 0 001.5 5v8zm7-11a.5.5 0 01.5-.5h5a.5.5 0 01.5.5v5a.5.5 0 01-1 0V2.5H9a.5.5 0 01-.5-.5z"
                  fill-rule="evenodd"
                />
                <path
                  clip-rule="evenodd"
                  d="M14.354 1.646a.5.5 0 010 .708l-8 8a.5.5 0 01-.708-.708l8-8a.5.5 0 01.708 0z"
                  fill-rule="evenodd"
                />
              </svg>
            </div>
          </article>
          <article
            class="sc-hKFyIo fvwkMB"
          >
            <div
              class="left"
            >
              <img
                alt="Lennox"
                src="https://comicvine1.cbsistatic.com/uploads/square_avatar/3/31666/1833093-lennox_2.jpg"
              />
              <div
                class="info"
              >
                <p>
                  <strong>
                    Lennox
                  </strong>
                </p>
                <p
                  class="publisher"
                >
                  DC Comics
                </p>
              </div>
            </div>
            <div
              class="right"
            >
              <span
                class="link-button"
                data-testid="favorite-button-19"
              >
                <svg
                  class="sc-bdnylx bJkyUc"
                  data-testid="heart-svg-19-false"
                  fill="none"
                  fillcolor="white"
                  height="1em"
                  stroke="currentColor"
                  stroke-linecap="round"
                  stroke-linejoin="round"
                  stroke-width="2"
                  strokecolor="var(--color-primary)"
                  viewBox="0 0 24 24"
                  width="1em"
                  xmlns="http://www.w3.org/2000/svg"
                >
                  <path
                    d="M20.84 4.61a5.5 5.5 0 0 0-7.78 0L12 5.67l-1.06-1.06a5.5 5.5 0 0 0-7.78 7.78l1.06 1.06L12 21.23l7.78-7.78 1.06-1.06a5.5 5.5 0 0 0 0-7.78z"
                  />
                </svg>
              </span>
              <svg
                class="sc-gtssRu boPMHs"
                fill="currentColor"
                height="1em"
                stroke="currentColor"
                stroke-width="0"
                viewBox="0 0 16 16"
                width="1em"
                xmlns="http://www.w3.org/2000/svg"
              >
                <path
                  clip-rule="evenodd"
                  d="M1.5 13A1.5 1.5 0 003 14.5h8a1.5 1.5 0 001.5-1.5V9a.5.5 0 00-1 0v4a.5.5 0 01-.5.5H3a.5.5 0 01-.5-.5V5a.5.5 0 01.5-.5h4a.5.5 0 000-1H3A1.5 1.5 0 001.5 5v8zm7-11a.5.5 0 01.5-.5h5a.5.5 0 01.5.5v5a.5.5 0 01-1 0V2.5H9a.5.5 0 01-.5-.5z"
                  fill-rule="evenodd"
                />
                <path
                  clip-rule="evenodd"
                  d="M14.354 1.646a.5.5 0 010 .708l-8 8a.5.5 0 01-.708-.708l8-8a.5.5 0 01.708 0z"
                  fill-rule="evenodd"
                />
              </svg>
            </div>
          </article>
        </div>
        <div
          class="sc-pNWxx eFgCMO"
        >
          <div
            class="pagination"
          >
            <div
              class="sc-fujyUd iiWVFI"
            >
              <div
                class="page page-disabled"
                data-testid="previous-page"
              >
                &lt;
              </div>
              <div
                class="current"
                data-testid="page-active"
              >
                1
              </div>
              <div
                class="page"
                data-testid="page-2"
              >
                2
              </div>
              <div
                class="page"
                data-testid="next-page"
              >
                &gt;
              </div>
            </div>
          </div>
          <div
            class="view"
          >
            <div
              class="MuiFormControl-root WithStyles(ForwardRef(FormControl))-root-14"
            >
              <label
                class="MuiFormLabel-root MuiInputLabel-root WithStyles(ForwardRef(InputLabel))-root-15 MuiInputLabel-formControl MuiInputLabel-animated MuiInputLabel-shrink MuiInputLabel-outlined WithStyles(ForwardRef(InputLabel))-outlined-17 MuiFormLabel-filled"
                data-shrink="true"
              >
                show
              </label>
              <div
                class="MuiInputBase-root MuiOutlinedInput-root MuiInputBase-formControl"
              >
                <div
                  aria-haspopup="listbox"
                  class="MuiSelect-root WithStyles(ForwardRef(Select))-root-18 MuiSelect-select MuiSelect-selectMenu MuiSelect-outlined MuiInputBase-input MuiOutlinedInput-input"
                  role="button"
                  tabindex="0"
                >
                  10 results-2
                </div>
                <input
                  aria-hidden="true"
                  class="MuiSelect-nativeInput"
                  data-testid="records-per-page-select"
                  tabindex="-1"
                  value="10"
                />
                <svg
                  aria-hidden="true"
                  class="MuiSvgIcon-root MuiSelect-icon MuiSelect-iconOutlined"
                  focusable="false"
                  viewBox="0 0 24 24"
                >
                  <path
                    d="M7 10l5 5 5-5z"
                  />
                </svg>
                <fieldset
                  aria-hidden="true"
                  class="PrivateNotchedOutline-root-2 MuiOutlinedInput-notchedOutline"
                >
                  <legend
                    class="PrivateNotchedOutline-legendLabelled-4 PrivateNotchedOutline-legendNotched-5"
                  >
                    <span>
                      show
                    </span>
                  </legend>
                </fieldset>
              </div>
            </div>
          </div>
        </div>
      </main>
    </div>
  </div>
</DocumentFragment>
`;
